Model comparasions/processedDataSets/Burger_2051.csv
,SELL_ID,SELL_CATEGORY,ITEM_NAME,CALENDAR_DATE,PRICE,QUANTITY,YEAR,HOLIDAY,IS_WEEKEND,IS_SCHOOLBREAK,AVERAGE_TEMPERATURE,IS_OUTDOOR
10081,2051,2,BURGER,9/11/13,10.97,32,2013,No Holiday,0,0,69.8,1
10089,2051,2,BURGER,9/11/14,12.87,30,2014,No Holiday,0,0,73.4,1
10105,2051,2,BURGER,9/12/13,10.97,32,2013,No Holiday,0,0,66.2,1
10113,2051,2,BURGER,9/12/14,12.87,30,2014,No Holiday,0,0,73.4,1
10121,2051,2,BURGER,9/13/12,12.35,28,2012,No Holiday,0,0,69.8,1
10129,2051,2,BURGER,9/13/13,10.97,34,2013,No Holiday,0,0,62.6,1
10145,2051,2,BURGER,9/14/12,12.35,28,2012,No Holiday,0,0,69.8,1
10185,2051,2,BURGER,9/15/14,12.87,32,2014,No Holiday,0,0,71.6,1
10201,2051,2,BURGER,9/16/13,10.97,38,2013,No Holiday,0,0,69.8,1
10209,2051,2,BURGER,9/16/14,12.87,32,2014,No Holiday,0,0,69.8,1
10217,2051,2,BURGER,9/17/12,12.35,28,2012,No Holiday,0,0,59.0,1
10225,2051,2,BURGER,9/17/13,10.97,40,2013,No Holiday,0,0,69.8,1
10233,2051,2,BURGER,9/17/14,12.87,34,2014,No Holiday,0,0,69.8,1
10241,2051,2,BURGER,9/18/12,12.35,32,2012,No Holiday,0,0,59.0,1
10249,2051,2,BURGER,9/18/13,10.97,36,2013,No Holiday,0,0,69.8,1
10257,2051,2,BURGER,9/18/14,12.87,34,2014,No Holiday,0,0,69.8,1
10265,2051,2,BURGER,9/19/12,12.35,34,2012,No Holiday,0,0,60.8,1
10273,2051,2,BURGER,9/19/13,10.97,36,2013,No Holiday,0,0,69.8,1
10297,2051,2,BURGER,9/2/13,10.97,34,2013,No Holiday,0,0,69.8,1
10305,2051,2,BURGER,9/2/14,12.87,30,2014,No Holiday,0,0,71.6,1
10313,2051,2,BURGER,9/2/15,12.19,30,2015,No Holiday,0,0,68.0,1
10321,2051,2,BURGER,9/20/12,12.35,34,2012,No Holiday,0,0,62.6,1
10329,2051,2,BURGER,9/20/13,10.97,32,2013,No Holiday,0,0,73.4,1
10345,2051,2,BURGER,9/21/12,12.35,36,2012,No Holiday,0,0,66.2,1
10385,2051,2,BURGER,9/22/14,12.87,34,2014,No Holiday,0,0,69.8,1
10401,2051,2,BURGER,9/23/13,10.97,40,2013,No Holiday,0,0,71.6,1
10409,2051,2,BURGER,9/23/14,12.87,28,2014,No Holiday,0,0,62.6,1
10417,2051,2,BURGER,9/24/12,12.35,34,2012,No Holiday,0,0,69.8,1
10425,2051,2,BURGER,9/24/13,10.97,40,2013,No Holiday,0,0,69.8,1
10433,2051,2,BURGER,9/24/14,12.87,32,2014,No Holiday,0,0,60.8,1
10441,2051,2,BURGER,9/25/12,12.35,30,2012,No Holiday,0,0,69.8,1
10449,2051,2,BURGER,9/25/13,10.97,34,2013,No Holiday,0,0,64.4,1
10457,2051,2,BURGER,9/25/14,12.87,32,2014,No Holiday,0,0,62.6,1
10465,2051,2,BURGER,9/26/12,12.35,28,2012,No Holiday,0,0,69.8,1
10473,2051,2,BURGER,9/26/13,10.97,38,2013,No Holiday,0,0,68.0,1
10481,2051,2,BURGER,9/26/14,12.87,26,2014,No Holiday,0,0,66.2,1
10489,2051,2,BURGER,9/27/12,12.35,28,2012,No Holiday,0,0,69.8,1
10497,2051,2,BURGER,9/27/13,10.97,40,2013,No Holiday,0,0,64.4,1
10513,2051,2,BURGER,9/28/12,12.35,34,2012,No Holiday,0,0,66.2,1
10553,2051,2,BURGER,9/29/14,12.87,26,2014,No Holiday,0,0,64.4,1
10561,2051,2,BURGER,9/3/12,12.35,34,2012,No Holiday,0,0,71.6,1
10569,2051,2,BURGER,9/3/13,10.97,38,2013,No Holiday,0,0,68.0,1
10577,2051,2,BURGER,9/3/14,12.87,28,2014,No Holiday,0,0,71.6,1
10609,2051,2,BURGER,9/30/14,12.87,30,2014,No Holiday,0,0,66.2,1
10617,2051,2,BURGER,9/4/12,12.35,32,2012,No Holiday,0,0,75.2,1
10625,2051,2,BURGER,9/4/13,10.97,32,2013,No Holiday,0,0,68.0,1
10633,2051,2,BURGER,9/4/14,12.87,30,2014,No Holiday,0,0,68.0,1
10649,2051,2,BURGER,9/5/12,12.35,32,2012,No Holiday,0,0,77.0,1
10657,2051,2,BURGER,9/5/13,10.97,32,2013,No Holiday,0,0,69.8,1
10665,2051,2,BURGER,9/5/14,12.87,28,2014,No Holiday,0,0,69.8,1
10681,2051,2,BURGER,9/6/12,12.35,28,2012,No Holiday,0,0,75.2,1
10689,2051,2,BURGER,9/6/13,10.97,38,2013,No Holiday,0,0,68.0,1
10713,2051,2,BURGER,9/7/12,12.35,34,2012,No Holiday,0,0,71.6,1
10737,2051,2,BURGER,9/7/15,12.19,36,2015,No Holiday,0,0,77.0,1
10761,2051,2,BURGER,9/8/14,12.87,32,2014,No Holiday,0,0,71.6,1
10769,2051,2,BURGER,9/8/15,12.19,30,2015,No Holiday,0,0,73.4,1
10785,2051,2,BURGER,9/9/13,10.97,40,2013,No Holiday,0,0,75.2,1
10793,2051,2,BURGER,9/9/14,12.87,32,2014,No Holiday,0,0,71.6,1
10801,2051,2,BURGER,9/9/15,12.19,34,2015,No Holiday,0,0,71.6,1
